{"logTime": "0927/105819", "correlationVector":"oPm6QJ26BDWfYhKEiNS0bg.1","action":"SyncServerConnectionManagerRequest", "result":"SYNC_SERVER_OK", "context":{"environment":"Prod_southeastasia_prod-s01-064-apac-southeastasia", "migrationStage":"NotStarted", "server":"akswtt10300000q"}}
{"logTime": "0927/105819", "correlationVector":"oPm6QJ26BDWfYhKEiNS0bg.2","action":"ProcessGetUpdates", "result":"Done", "context":{"dataType":"Encryption Keys", "deleted":"0", "process_failed_to_decrypt":"0", "process_pending_decryption":"0", "process_success":"1", "total":"1"}}
{"logTime": "0927/105820", "correlationVector":"DShwtBPLom5hNm2W3I9Nv8","action":"SyncServerConnectionManagerRequest", "result":"SYNC_SERVER_OK", "context":{"environment":"", "migrationStage":"", "server":""}}
{"logTime": "0927/105820", "correlationVector":"DShwtBPLom5hNm2W3I9Nv8.0","action":"EncryptionKeysFetcher.DownloadKeys:", "result":"Success", "context":Key count: 1, Last key timestamp: 2025-05-24T14:09:07Z}
{"logTime": "0927/105820", "correlationVector":"DShwtBPLom5hNm2W3I9Nv8.1","action":"EncryptionKeysManager::SetEncryptionKeys:", "result":"Success", "context":Key names[1]:[WOxqgtkWOYdxJXZlFlijoKBvZuUkF1uIMut89WZR1M+5Rug4TAfKKG9AzjchWy5t6apZP7EyRhuptNhJiyde5A==]}
{"logTime": "0927/105820", "correlationVector":"DShwtBPLom5hNm2W3I9Nv8.2","action":"EncryptionKeysManager::SetEncryptionKeysWithTimestamps:", "result":"Success", "context":Key timestamps[1]:[2025-05-24T14:09:07Z]}
{"logTime": "0927/105820", "correlationVector":"oPm6QJ26BDWfYhKEiNS0bg","action":"Initial GetUpdates", "result":"", "context":Reason: NEW_CLIENT. cV=oPm6QJ26BDWfYhKEiNS0bg}
{"logTime": "0927/105820", "correlationVector":"oPm6QJ26BDWfYhKEiNS0bg.3","action":"GetUpdates Response", "result":"Success", "context":Received 1 update(s). cV=oPm6QJ26BDWfYhKEiNS0bg.0;server=akswtt10300000q;cloudType=Consumer;environment=Prod_southeastasia_prod-s01-064-apac-southeastasia;migrationStage=NotStarted}
{"logTime": "0927/105820", "correlationVector":"Egoo1hzcDDmaO6knQ3eLNJ","action":"Initial GetUpdates", "result":"", "context":Reason: NEWLY_SUPPORTED_DATATYPE. cV=Egoo1hzcDDmaO6knQ3eLNJ}
{"logTime": "0927/105820", "correlationVector":"Egoo1hzcDDmaO6knQ3eLNJ.1","action":"SyncServerConnectionManagerRequest", "result":"SYNC_SERVER_OK", "context":{"environment":"Prod_southeastasia_prod-s01-064-apac-southeastasia", "migrationStage":"NotStarted", "server":"akswtt10300000u"}}
{"logTime": "0927/105820", "correlationVector":"Egoo1hzcDDmaO6knQ3eLNJ.2","action":"ProcessGetUpdates", "result":"Done", "context":{"dataType":"Preferences", "deleted":"3", "process_failed_to_decrypt":"0", "process_pending_decryption":"0", "process_success":"68", "total":"68"}}
{"logTime": "0927/105820", "correlationVector":"Egoo1hzcDDmaO6knQ3eLNJ.3","action":"ProcessGetUpdates", "result":"Done", "context":{"dataType":"Passwords", "deleted":"0", "process_failed_to_decrypt":"0", "process_pending_decryption":"0", "process_success":"7", "total":"7"}}
{"logTime": "0927/105820", "correlationVector":"Egoo1hzcDDmaO6knQ3eLNJ.4","action":"ProcessGetUpdates", "result":"Done", "context":{"dataType":"Device Info", "deleted":"0", "process_failed_to_decrypt":"0", "process_pending_decryption":"0", "process_success":"51", "total":"51"}}
{"logTime": "0927/105820", "correlationVector":"Egoo1hzcDDmaO6knQ3eLNJ.5","action":"GetUpdates Response", "result":"Success", "context":Received 126 update(s). cV=Egoo1hzcDDmaO6knQ3eLNJ.0;server=akswtt10300000u;cloudType=Consumer;environment=Prod_southeastasia_prod-s01-064-apac-southeastasia;migrationStage=NotStarted}
{"logTime": "0927/105820", "correlationVector":"hdpLirc/dLnZVU1dpMSBlk","action":"Initial GetUpdates", "result":"", "context":Reason: NEWLY_SUPPORTED_DATATYPE. cV=hdpLirc/dLnZVU1dpMSBlk}
{"logTime": "0927/105820", "correlationVector":"hdpLirc/dLnZVU1dpMSBlk.1","action":"SyncServerConnectionManagerRequest", "result":"SYNC_SERVER_OK", "context":{"environment":"Prod_southeastasia_prod-s01-064-apac-southeastasia", "migrationStage":"NotStarted", "server":"akswtt10300000q"}}
{"logTime": "0927/105820", "correlationVector":"hdpLirc/dLnZVU1dpMSBlk.2","action":"ProcessGetUpdates", "result":"Done", "context":{"dataType":"Bookmarks", "deleted":"19", "process_failed_to_decrypt":"0", "process_pending_decryption":"0", "process_success":"27", "total":"27"}}
{"logTime": "0927/105820", "correlationVector":"hdpLirc/dLnZVU1dpMSBlk.3","action":"GetUpdates Response", "result":"Success", "context":Received 27 update(s). cV=hdpLirc/dLnZVU1dpMSBlk.0;server=akswtt10300000q;cloudType=Consumer;environment=Prod_southeastasia_prod-s01-064-apac-southeastasia;migrationStage=NotStarted}
{"logTime": "0927/105820", "correlationVector":"rHyqo+JxvheblImIy/03rt","action":"Initial GetUpdates", "result":"", "context":Reason: NEWLY_SUPPORTED_DATATYPE. cV=rHyqo+JxvheblImIy/03rt}
{"logTime": "0927/105821", "correlationVector":"rHyqo+JxvheblImIy/03rt.1","action":"SyncServerConnectionManagerRequest", "result":"SYNC_SERVER_OK", "context":{"environment":"Prod_southeastasia_prod-s01-064-apac-southeastasia", "migrationStage":"NotStarted", "server":"akswtt10300000e"}}
{"logTime": "0927/105821", "correlationVector":"rHyqo+JxvheblImIy/03rt.2","action":"ProcessGetUpdates", "result":"Done", "context":{"dataType":"Autofill Profiles", "deleted":"16", "process_failed_to_decrypt":"0", "process_pending_decryption":"0", "process_success":"19", "total":"19"}}
{"logTime": "0927/105821", "correlationVector":"rHyqo+JxvheblImIy/03rt.3","action":"ProcessGetUpdates", "result":"Done", "context":{"dataType":"Autofill", "deleted":"38", "process_failed_to_decrypt":"0", "process_pending_decryption":"0", "process_success":"59", "total":"59"}}
{"logTime": "0927/105821", "correlationVector":"rHyqo+JxvheblImIy/03rt.4","action":"ProcessGetUpdates", "result":"Done", "context":{"dataType":"Sessions", "deleted":"160", "process_failed_to_decrypt":"0", "process_pending_decryption":"0", "process_success":"160", "total":"160"}}
{"logTime": "0927/105821", "correlationVector":"rHyqo+JxvheblImIy/03rt.5","action":"ProcessGetUpdates", "result":"Done", "context":{"dataType":"Edge Hub App Usage", "deleted":"0", "process_failed_to_decrypt":"0", "process_pending_decryption":"0", "process_success":"12", "total":"12"}}
{"logTime": "0927/105821", "correlationVector":"rHyqo+JxvheblImIy/03rt.6","action":"GetUpdates Response", "result":"Success", "context":Received 250 update(s). cV=rHyqo+JxvheblImIy/03rt.0;server=akswtt10300000e;cloudType=Consumer;environment=Prod_southeastasia_prod-s01-064-apac-southeastasia;migrationStage=NotStarted Some updates remain.}
{"logTime": "0927/105821", "correlationVector":"OXuexnUdiNzeG+5JM2xQFp","action":"Initial GetUpdates", "result":"", "context":Reason: NEWLY_SUPPORTED_DATATYPE. cV=OXuexnUdiNzeG+5JM2xQFp}
{"logTime": "0927/105821", "correlationVector":"OXuexnUdiNzeG+5JM2xQFp.1","action":"SyncServerConnectionManagerRequest", "result":"SYNC_SERVER_OK", "context":{"environment":"Prod_southeastasia_prod-s01-064-apac-southeastasia", "migrationStage":"NotStarted", "server":"akswtt103000001"}}
{"logTime": "0927/105821", "correlationVector":"OXuexnUdiNzeG+5JM2xQFp.2","action":"ProcessGetUpdates", "result":"Done", "context":{"dataType":"Autofill Profiles", "deleted":"0", "process_failed_to_decrypt":"0", "process_pending_decryption":"0", "process_success":"5", "total":"5"}}
{"logTime": "0927/105821", "correlationVector":"OXuexnUdiNzeG+5JM2xQFp.3","action":"ProcessGetUpdates", "result":"Done", "context":{"dataType":"Autofill", "deleted":"0", "process_failed_to_decrypt":"0", "process_pending_decryption":"0", "process_success":"16", "total":"16"}}
{"logTime": "0927/105821", "correlationVector":"OXuexnUdiNzeG+5JM2xQFp.4","action":"ProcessGetUpdates", "result":"Done", "context":{"dataType":"Sessions", "deleted":"228", "process_failed_to_decrypt":"0", "process_pending_decryption":"0", "process_success":"228", "total":"228"}}
{"logTime": "0927/105821", "correlationVector":"OXuexnUdiNzeG+5JM2xQFp.5","action":"ProcessGetUpdates", "result":"Done", "context":{"dataType":"Edge Hub App Usage", "deleted":"0", "process_failed_to_decrypt":"0", "process_pending_decryption":"0", "process_success":"1", "total":"1"}}
{"logTime": "0927/105821", "correlationVector":"OXuexnUdiNzeG+5JM2xQFp.6","action":"GetUpdates Response", "result":"Success", "context":Received 250 update(s). cV=OXuexnUdiNzeG+5JM2xQFp.0;server=akswtt103000001;cloudType=Consumer;environment=Prod_southeastasia_prod-s01-064-apac-southeastasia;migrationStage=NotStarted Some updates remain.}
{"logTime": "0927/105821", "correlationVector":"2xicScEqs08EbglNwWzMMu","action":"Initial GetUpdates", "result":"", "context":Reason: NEWLY_SUPPORTED_DATATYPE. cV=2xicScEqs08EbglNwWzMMu}
{"logTime": "0927/105821", "correlationVector":"2xicScEqs08EbglNwWzMMu.1","action":"SyncServerConnectionManagerRequest", "result":"SYNC_SERVER_OK", "context":{"environment":"Prod_southeastasia_prod-s01-064-apac-southeastasia", "migrationStage":"NotStarted", "server":"akswtt103000008"}}
{"logTime": "0927/105821", "correlationVector":"2xicScEqs08EbglNwWzMMu.2","action":"ProcessGetUpdates", "result":"Done", "context":{"dataType":"Autofill Profiles", "deleted":"0", "process_failed_to_decrypt":"0", "process_pending_decryption":"0", "process_success":"7", "total":"7"}}
{"logTime": "0927/105821", "correlationVector":"2xicScEqs08EbglNwWzMMu.3","action":"ProcessGetUpdates", "result":"Done", "context":{"dataType":"Autofill", "deleted":"0", "process_failed_to_decrypt":"0", "process_pending_decryption":"0", "process_success":"13", "total":"13"}}
{"logTime": "0927/105821", "correlationVector":"2xicScEqs08EbglNwWzMMu.4","action":"ProcessGetUpdates", "result":"Done", "context":{"dataType":"Sessions", "deleted":"190", "process_failed_to_decrypt":"0", "process_pending_decryption":"0", "process_success":"222", "total":"222"}}
{"logTime": "0927/105821", "correlationVector":"2xicScEqs08EbglNwWzMMu.5","action":"ProcessGetUpdates", "result":"Done", "context":{"dataType":"Edge Hub App Usage", "deleted":"6", "process_failed_to_decrypt":"0", "process_pending_decryption":"0", "process_success":"8", "total":"8"}}
{"logTime": "0927/105821", "correlationVector":"2xicScEqs08EbglNwWzMMu.6","action":"GetUpdates Response", "result":"Success", "context":Received 250 update(s). cV=2xicScEqs08EbglNwWzMMu.0;server=akswtt103000008;cloudType=Consumer;environment=Prod_southeastasia_prod-s01-064-apac-southeastasia;migrationStage=NotStarted Some updates remain.}
{"logTime": "0927/105821", "correlationVector":"I6xXAdxUAr2J+kkr339OeT","action":"Initial GetUpdates", "result":"", "context":Reason: NEWLY_SUPPORTED_DATATYPE. cV=I6xXAdxUAr2J+kkr339OeT}
{"logTime": "0927/105822", "correlationVector":"I6xXAdxUAr2J+kkr339OeT.1","action":"SyncServerConnectionManagerRequest", "result":"SYNC_SERVER_OK", "context":{"environment":"Prod_southeastasia_prod-s01-064-apac-southeastasia", "migrationStage":"NotStarted", "server":"akswtt103000001"}}
{"logTime": "0927/105822", "correlationVector":"I6xXAdxUAr2J+kkr339OeT.2","action":"ProcessGetUpdates", "result":"Done", "context":{"dataType":"Autofill", "deleted":"0", "process_failed_to_decrypt":"0", "process_pending_decryption":"0", "process_success":"2", "total":"2"}}
{"logTime": "0927/105822", "correlationVector":"I6xXAdxUAr2J+kkr339OeT.3","action":"ProcessGetUpdates", "result":"Done", "context":{"dataType":"Sessions", "deleted":"27", "process_failed_to_decrypt":"0", "process_pending_decryption":"0", "process_success":"29", "total":"29"}}
{"logTime": "0927/105822", "correlationVector":"I6xXAdxUAr2J+kkr339OeT.4","action":"GetUpdates Response", "result":"Success", "context":Received 31 update(s). cV=I6xXAdxUAr2J+kkr339OeT.0;server=akswtt103000001;cloudType=Consumer;environment=Prod_southeastasia_prod-s01-064-apac-southeastasia;migrationStage=NotStarted}
{"logTime": "0927/105822", "correlationVector":"0V72EsOX5utImqRmJ+co+2","action":"Initial GetUpdates", "result":"", "context":Reason: NEWLY_SUPPORTED_DATATYPE. cV=0V72EsOX5utImqRmJ+co+2}
{"logTime": "0927/105822", "correlationVector":"0V72EsOX5utImqRmJ+co+2.1","action":"SyncServerConnectionManagerRequest", "result":"SYNC_SERVER_OK", "context":{"environment":"Prod_southeastasia_prod-s01-064-apac-southeastasia", "migrationStage":"NotStarted", "server":"akswtt10300000k"}}
{"logTime": "0927/105822", "correlationVector":"0V72EsOX5utImqRmJ+co+2.2","action":"ProcessGetUpdates", "result":"Done", "context":{"dataType":"History", "deleted":"0", "process_failed_to_decrypt":"0", "process_pending_decryption":"0", "process_success":"250", "total":"250"}}
{"logTime": "0927/105822", "correlationVector":"0V72EsOX5utImqRmJ+co+2.3","action":"GetUpdates Response", "result":"Success", "context":Received 250 update(s). cV=0V72EsOX5utImqRmJ+co+2.0;server=akswtt10300000k;cloudType=Consumer;environment=Prod_southeastasia_prod-s01-064-apac-southeastasia;migrationStage=NotStarted Some updates remain.}
{"logTime": "0927/105822", "correlationVector":"T3RPfNtALQB0YOK5cQJF8d","action":"Initial GetUpdates", "result":"", "context":Reason: NEWLY_SUPPORTED_DATATYPE. cV=T3RPfNtALQB0YOK5cQJF8d}
{"logTime": "0927/105822", "correlationVector":"T3RPfNtALQB0YOK5cQJF8d.1","action":"SyncServerConnectionManagerRequest", "result":"SYNC_SERVER_OK", "context":{"environment":"Prod_southeastasia_prod-s01-064-apac-southeastasia", "migrationStage":"NotStarted", "server":"akswtt103000001"}}
{"logTime": "0927/105822", "correlationVector":"T3RPfNtALQB0YOK5cQJF8d.2","action":"ProcessGetUpdates", "result":"Done", "context":{"dataType":"History", "deleted":"0", "process_failed_to_decrypt":"0", "process_pending_decryption":"0", "process_success":"92", "total":"92"}}
{"logTime": "0927/105822", "correlationVector":"T3RPfNtALQB0YOK5cQJF8d.3","action":"GetUpdates Response", "result":"Success", "context":Received 92 update(s). cV=T3RPfNtALQB0YOK5cQJF8d.0;server=akswtt103000001;cloudType=Consumer;environment=Prod_southeastasia_prod-s01-064-apac-southeastasia;migrationStage=NotStarted}
{"logTime": "0927/105822", "correlationVector":"iOZRVRjr1ssLdzdNlW1b13","action":"Normal GetUpdate request", "result":"", "context":cV=iOZRVRjr1ssLdzdNlW1b13
Nudged types: Sessions, Device Info, User Consents, Edge Hub App Usage
Refresh requested types: Bookmarks, Preferences, Passwords, Autofill Profiles, Autofill, Extensions, Sessions, Extension settings, History Delete Directives, Device Info, User Consents, Send Tab To Self, Web Apps, History, Saved Tab Group, WebAuthn Credentials, Collection, Edge E Drop, Edge Hub App Usage, Edge Wallet, Encryption Keys}
{"logTime": "0927/105823", "correlationVector":"iOZRVRjr1ssLdzdNlW1b13.1","action":"SyncServerConnectionManagerRequest", "result":"SYNC_SERVER_OK", "context":{"environment":"Prod_southeastasia_prod-s01-064-apac-southeastasia", "migrationStage":"NotStarted", "server":"akswtt10300000e"}}
{"logTime": "0927/105823", "correlationVector":"iOZRVRjr1ssLdzdNlW1b13.2","action":"GetUpdates Response", "result":"Success", "context":Received 0 update(s). cV=iOZRVRjr1ssLdzdNlW1b13.0;server=akswtt10300000e;cloudType=Consumer;environment=Prod_southeastasia_prod-s01-064-apac-southeastasia;migrationStage=NotStarted}
{"logTime": "0927/105823", "correlationVector":"4cDWOSrip4S+ZXyruuoz51","action":"DoCompareDataConsistency requsted types: ", "result":"Bookmarks, Preferences, Passwords, Extensions, Extension settings, History Delete Directives, Send Tab To Self, Web Apps, History, Saved Tab Group, WebAuthn Credentials, Collection, Edge E Drop, Edge Wallet, Encryption Keys"}
{"logTime": "0927/105823", "correlationVector":"4cDWOSrip4S+ZXyruuoz51.0","action":"CompareDataConsistency result: ", "result":"Compare result: Encryption Keys is consistent. local entities count is: 1 local entities hash is: lLrRapS2XRyxkA5RYWAwI2gfn+M="}
{"logTime": "0927/105823", "correlationVector":"4cDWOSrip4S+ZXyruuoz51.1","action":"CompareDataConsistency result: ", "result":"Compare result: Bookmarks is consistent. local entities count is: 2 local entities hash is: UE4Ad55XW6jz7yutUQz9CLVJ5P4="}
{"logTime": "0927/105823", "correlationVector":"4cDWOSrip4S+ZXyruuoz51.2","action":"CompareDataConsistency result: ", "result":"Compare result: Preferences is consistent. local entities count is: 65 local entities hash is: Jzg0RUHDsY/vrr/mtaKQnC1P5Fk="}
{"logTime": "0927/105823", "correlationVector":"4cDWOSrip4S+ZXyruuoz51.3","action":"CompareDataConsistency result: ", "result":"Compare result: Extensions is consistent. local entities count is: 0 local entities hash is: "}
{"logTime": "0927/105823", "correlationVector":"4cDWOSrip4S+ZXyruuoz51.4","action":"CompareDataConsistency result: ", "result":"Compare result: Extension settings is consistent. local entities count is: 0 local entities hash is: "}
{"logTime": "0927/105823", "correlationVector":"4cDWOSrip4S+ZXyruuoz51.5","action":"CompareDataConsistency result: ", "result":"Compare result: History Delete Directives is consistent. local entities count is: 0 local entities hash is: "}
{"logTime": "0927/105823", "correlationVector":"4cDWOSrip4S+ZXyruuoz51.6","action":"CompareDataConsistency result: ", "result":"Server did not send this Send Tab To Self local entities count is: 0 local entities hash is: "}
{"logTime": "0927/105823", "correlationVector":"4cDWOSrip4S+ZXyruuoz51.7","action":"CompareDataConsistency result: ", "result":"Compare result: Web Apps is consistent. local entities count is: 0 local entities hash is: "}
{"logTime": "0927/105823", "correlationVector":"4cDWOSrip4S+ZXyruuoz51.8","action":"CompareDataConsistency result: ", "result":"Server did not send this History local entities count is: 0 local entities hash is: "}
{"logTime": "0927/105823", "correlationVector":"4cDWOSrip4S+ZXyruuoz51.9","action":"CompareDataConsistency result: ", "result":"Compare result: Saved Tab Group is consistent. local entities count is: 0 local entities hash is: "}
{"logTime": "0927/105823", "correlationVector":"4cDWOSrip4S+ZXyruuoz51.10","action":"CompareDataConsistency result: ", "result":"Server did not send this WebAuthn Credentials local entities count is: 0 local entities hash is: "}
{"logTime": "0927/105823", "correlationVector":"4cDWOSrip4S+ZXyruuoz51.11","action":"CompareDataConsistency result: ", "result":"Compare result: Collection is consistent. local entities count is: 0 local entities hash is: "}
{"logTime": "0927/105823", "correlationVector":"4cDWOSrip4S+ZXyruuoz51.12","action":"CompareDataConsistency result: ", "result":"Compare result: Edge E Drop is consistent. local entities count is: 0 local entities hash is: "}
{"logTime": "0927/105823", "correlationVector":"4cDWOSrip4S+ZXyruuoz51.13","action":"CompareDataConsistency result: ", "result":"Compare result: Edge Wallet is consistent. local entities count is: 0 local entities hash is: "}
{"logTime": "0927/105823", "correlationVector":"4cDWOSrip4S+ZXyruuoz51.14","action":"CompareDataConsistency result: ", "result":"Compare result: Passwords is consistent. local entities count is: 7 local entities hash is: 9jLwZloNnvEhCLpSyPXiswqW6Xg="}
{"logTime": "0927/105823", "correlationVector":"KUl8YIQCmWLqxkDjawqYGv","action":"Commit Request", "result":"", "context":Item count: 6
Contributing types: Sessions, Device Info, User Consents, Edge Hub App Usage}
{"logTime": "0927/105823", "correlationVector":"KUl8YIQCmWLqxkDjawqYGv.1","action":"SyncServerConnectionManagerRequest", "result":"SYNC_SERVER_OK", "context":{"environment":"Prod_southeastasia_prod-s01-064-apac-southeastasia", "migrationStage":"NotStarted", "server":"akswtt10300000m"}}
{"logTime": "0927/105823", "correlationVector":"KUl8YIQCmWLqxkDjawqYGv.2","action":"Commit Response", "result":"Success", "context":Result: Success. cV=KUl8YIQCmWLqxkDjawqYGv.0;server=akswtt10300000m;cloudType=Consumer;environment=Prod_southeastasia_prod-s01-064-apac-southeastasia;migrationStage=NotStarted}
{"logTime": "0927/105823", "correlationVector":"","action":"DIAGNOSTIC_REQUEST|v1/diagnosticData/Diagnostic.SendCheckResult()|SUCCESS", "result":""}
{"logTime": "0927/105848", "correlationVector":"txRqb2BssSJSFXJy0vVmMy","action":"Commit Request", "result":"", "context":Item count: 4
Contributing types: Preferences, Sessions, History}
{"logTime": "0927/105848", "correlationVector":"txRqb2BssSJSFXJy0vVmMy.1","action":"SyncServerConnectionManagerRequest", "result":"SYNC_SERVER_OK", "context":{"environment":"Prod_southeastasia_prod-s01-064-apac-southeastasia", "migrationStage":"NotStarted", "server":"akswtt103000002"}}
{"logTime": "0927/105848", "correlationVector":"txRqb2BssSJSFXJy0vVmMy.2","action":"Commit Response", "result":"Success", "context":Result: Success. cV=txRqb2BssSJSFXJy0vVmMy.0;server=akswtt103000002;cloudType=Consumer;environment=Prod_southeastasia_prod-s01-064-apac-southeastasia;migrationStage=NotStarted}
{"logTime": "0927/105916", "correlationVector":"iAz5poBLhi6xCA+EMeREI7","action":"Commit Request", "result":"", "context":Item count: 7
Contributing types: Passwords}
{"logTime": "0927/105916", "correlationVector":"iAz5poBLhi6xCA+EMeREI7.1","action":"SyncServerConnectionManagerRequest", "result":"SYNC_SERVER_OK", "context":{"environment":"Prod_southeastasia_prod-s01-064-apac-southeastasia", "migrationStage":"NotStarted", "server":"akswtt10300000i"}}
{"logTime": "0927/105916", "correlationVector":"iAz5poBLhi6xCA+EMeREI7.2","action":"Commit Response", "result":"Success", "context":Result: Success. cV=iAz5poBLhi6xCA+EMeREI7.0;server=akswtt10300000i;cloudType=Consumer;environment=Prod_southeastasia_prod-s01-064-apac-southeastasia;migrationStage=NotStarted}
